0 verbose cli /usr/local/bin/node /usr/local/bin/npm
1 info using npm@11.17.0
2 info using node@v24.19.0
3 silly config load:file:/usr/local/lib/node_modules/npm/npmrc
4 silly config load:file:/Users/admin/Desktop/memory capsule/.npmrc
5 silly config load:file:/Users/admin/.npmrc
6 silly config load:file:/usr/local/etc/npmrc
7 verbose title npm install express
8 verbose argv "install" "express" "--cache" ".npm-cache"
9 verbose logfile logs-max:10 dir:/Users/admin/Desktop/memory capsule/.npm-cache/_logs/2026-08-21T22_37_44_133Z-
10 verbose logfile /Users/admin/Desktop/memory capsule/.npm-cache/_logs/2026-08-21T22_37_44_133Z-debug-0.log
11 silly logfile done cleaning log files
12 silly packumentCache heap:4496293888 maxSize:1124073472 maxEntrySize:562036736
13 silly idealTree buildDeps
14 silly fetch manifest express@*
15 silly packumentCache full:https://registry.npmjs.org/express cache-miss
16 http fetch GET 200 https://registry.npmjs.org/express 265ms (cache miss)
17 silly packumentCache full:https://registry.npmjs.org/express set size:undefined disposed:false
18 silly placeDep ROOT express@5.2.1 OK for: memory-capsule@1.0.0 want: *
19 silly fetch manifest qs@^6.14.0
20 silly packumentCache full:https://registry.npmjs.org/qs cache-miss
21 silly fetch manifest depd@^2.0.0
22 silly packumentCache full:https://registry.npmjs.org/depd cache-miss
23 silly fetch manifest etag@^1.8.1
24 silly packumentCache full:https://registry.npmjs.org/etag cache-miss
25 http fetch GET 200 https://registry.npmjs.org/npm 747ms
26 http fetch GET 200 https://registry.npmjs.org/qs 343ms (cache miss)
27 silly packumentCache full:https://registry.npmjs.org/qs set size:undefined disposed:false
28 silly fetch manifest once@^1.4.0
29 silly packumentCache full:https://registry.npmjs.org/once cache-miss
30 http fetch GET 200 https://registry.npmjs.org/etag 376ms (cache miss)
31 silly packumentCache full:https://registry.npmjs.org/etag set size:undefined disposed:false
32 silly fetch manifest send@^1.1.0
33 silly packumentCache full:https://registry.npmjs.org/send cache-miss
34 http fetch GET 200 https://registry.npmjs.org/depd 380ms (cache miss)
35 silly packumentCache full:https://registry.npmjs.org/depd set size:undefined disposed:false
36 silly fetch manifest vary@^1.1.2
37 silly packumentCache full:https://registry.npmjs.org/vary cache-miss
38 http fetch GET 200 https://registry.npmjs.org/send 68ms (cache miss)
39 silly packumentCache full:https://registry.npmjs.org/send set size:undefined disposed:false
40 silly fetch manifest debug@^4.4.0
41 silly packumentCache full:https://registry.npmjs.org/debug cache-miss
42 http fetch GET 200 https://registry.npmjs.org/debug 87ms (cache miss)
43 silly packumentCache full:https://registry.npmjs.org/debug set size:undefined disposed:false
44 silly fetch manifest fresh@^2.0.0
45 silly packumentCache full:https://registry.npmjs.org/fresh cache-miss
46 http fetch GET 200 https://registry.npmjs.org/once 362ms (cache miss)
47 silly packumentCache full:https://registry.npmjs.org/once set size:undefined disposed:false
48 silly fetch manifest cookie@^0.7.1
49 silly packumentCache full:https://registry.npmjs.org/cookie cache-miss
50 http fetch GET 200 https://registry.npmjs.org/vary 347ms (cache miss)
51 silly packumentCache full:https://registry.npmjs.org/vary set size:undefined disposed:false
52 silly fetch manifest router@^2.2.0
53 silly packumentCache full:https://registry.npmjs.org/router cache-miss
54 http fetch GET 200 https://registry.npmjs.org/fresh 299ms (cache miss)
55 silly packumentCache full:https://registry.npmjs.org/fresh set size:undefined disposed:false
56 silly fetch manifest accepts@^2.0.0
57 silly packumentCache full:https://registry.npmjs.org/accepts cache-miss
58 http fetch GET 200 https://registry.npmjs.org/cookie 299ms (cache miss)
59 silly packumentCache full:https://registry.npmjs.org/cookie set size:undefined disposed:false
60 silly fetch manifest type-is@^2.0.1
61 silly packumentCache full:https://registry.npmjs.org/type-is cache-miss
62 http fetch GET 200 https://registry.npmjs.org/router 300ms (cache miss)
63 silly packumentCache full:https://registry.npmjs.org/router set size:undefined disposed:false
64 silly fetch manifest parseurl@^1.3.3
65 silly packumentCache full:https://registry.npmjs.org/parseurl cache-miss
66 http fetch GET 200 https://registry.npmjs.org/accepts 305ms (cache miss)
67 silly packumentCache full:https://registry.npmjs.org/accepts set size:undefined disposed:false
68 silly fetch manifest statuses@^2.0.1
69 silly packumentCache full:https://registry.npmjs.org/statuses cache-miss
70 http fetch GET 200 https://registry.npmjs.org/type-is 299ms (cache miss)
71 silly packumentCache full:https://registry.npmjs.org/type-is set size:undefined disposed:false
72 silly fetch manifest encodeurl@^2.0.0
73 silly packumentCache full:https://registry.npmjs.org/encodeurl cache-miss
74 http fetch GET 200 https://registry.npmjs.org/parseurl 301ms (cache miss)
75 silly packumentCache full:https://registry.npmjs.org/parseurl set size:undefined disposed:false
76 silly fetch manifest mime-types@^3.0.0
77 silly packumentCache full:https://registry.npmjs.org/mime-types cache-miss
78 http fetch GET 200 https://registry.npmjs.org/statuses 297ms (cache miss)
79 silly packumentCache full:https://registry.npmjs.org/statuses set size:undefined disposed:false
80 silly fetch manifest proxy-addr@^2.0.7
81 silly packumentCache full:https://registry.npmjs.org/proxy-addr cache-miss
82 http fetch GET 200 https://registry.npmjs.org/encodeurl 303ms (cache miss)
83 silly packumentCache full:https://registry.npmjs.org/encodeurl set size:undefined disposed:false
84 silly fetch manifest body-parser@^2.2.1
85 silly packumentCache full:https://registry.npmjs.org/body-parser cache-miss
86 http fetch GET 200 https://registry.npmjs.org/mime-types 350ms (cache miss)
87 silly packumentCache full:https://registry.npmjs.org/mime-types set size:undefined disposed:false
88 silly fetch manifest escape-html@^1.0.3
89 silly packumentCache full:https://registry.npmjs.org/escape-html cache-miss
90 http fetch GET 200 https://registry.npmjs.org/proxy-addr 328ms (cache miss)
91 silly packumentCache full:https://registry.npmjs.org/proxy-addr set size:undefined disposed:false
92 silly fetch manifest http-errors@^2.0.0
93 silly packumentCache full:https://registry.npmjs.org/http-errors cache-miss
94 http fetch GET 200 https://registry.npmjs.org/body-parser 342ms (cache miss)
95 silly packumentCache full:https://registry.npmjs.org/body-parser set size:undefined disposed:false
96 silly fetch manifest on-finished@^2.4.1
97 silly packumentCache full:https://registry.npmjs.org/on-finished cache-miss
98 http fetch GET 200 https://registry.npmjs.org/escape-html 305ms (cache miss)
99 silly packumentCache full:https://registry.npmjs.org/escape-html set size:undefined disposed:false
100 silly fetch manifest content-type@^1.0.5
101 silly packumentCache full:https://registry.npmjs.org/content-type cache-miss
102 http fetch GET 200 https://registry.npmjs.org/content-type 138ms (cache miss)
103 silly packumentCache full:https://registry.npmjs.org/content-type set size:undefined disposed:false
104 silly fetch manifest finalhandler@^2.1.0
105 silly packumentCache full:https://registry.npmjs.org/finalhandler cache-miss
106 http fetch GET 200 https://registry.npmjs.org/http-errors 387ms (cache miss)
107 silly packumentCache full:https://registry.npmjs.org/http-errors set size:undefined disposed:false
108 silly fetch manifest range-parser@^1.2.1
109 silly packumentCache full:https://registry.npmjs.org/range-parser cache-miss
110 http fetch GET 200 https://registry.npmjs.org/on-finished 333ms (cache miss)
111 silly packumentCache full:https://registry.npmjs.org/on-finished set size:undefined disposed:false
112 silly fetch manifest serve-static@^2.2.0
113 silly packumentCache full:https://registry.npmjs.org/serve-static cache-miss
114 http fetch GET 200 https://registry.npmjs.org/range-parser 385ms (cache miss)
115 silly packumentCache full:https://registry.npmjs.org/range-parser set size:undefined disposed:false
116 silly fetch manifest cookie-signature@^1.2.1
117 silly packumentCache full:https://registry.npmjs.org/cookie-signature cache-miss
118 http fetch GET 200 https://registry.npmjs.org/finalhandler 412ms (cache miss)
119 silly packumentCache full:https://registry.npmjs.org/finalhandler set size:undefined disposed:false
120 silly fetch manifest merge-descriptors@^2.0.0
121 silly packumentCache full:https://registry.npmjs.org/merge-descriptors cache-miss
122 http fetch GET 200 https://registry.npmjs.org/serve-static 314ms (cache miss)
123 silly packumentCache full:https://registry.npmjs.org/serve-static set size:undefined disposed:false
124 silly fetch manifest content-disposition@^1.0.0
125 silly packumentCache full:https://registry.npmjs.org/content-disposition cache-miss
126 http fetch GET 200 https://registry.npmjs.org/cookie-signature 363ms (cache miss)
127 silly packumentCache full:https://registry.npmjs.org/cookie-signature set size:undefined disposed:false
128 http fetch GET 200 https://registry.npmjs.org/merge-descriptors 385ms (cache miss)
129 silly packumentCache full:https://registry.npmjs.org/merge-descriptors set size:undefined disposed:false
130 http fetch GET 200 https://registry.npmjs.org/content-disposition 821ms (cache miss)
131 silly packumentCache full:https://registry.npmjs.org/content-disposition set size:undefined disposed:false
132 silly placeDep ROOT accepts@2.0.0 OK for: express@5.2.1 want: ^2.0.0
133 silly placeDep ROOT body-parser@2.3.0 OK for: express@5.2.1 want: ^2.2.1
134 silly placeDep ROOT content-disposition@1.1.0 OK for: express@5.2.1 want: ^1.0.0
135 silly placeDep ROOT content-type@1.0.5 OK for: express@5.2.1 want: ^1.0.5
136 silly placeDep ROOT cookie@0.7.2 OK for: express@5.2.1 want: ^0.7.1
137 silly placeDep ROOT cookie-signature@1.2.2 OK for: express@5.2.1 want: ^1.2.1
138 silly placeDep ROOT debug@4.4.3 OK for: express@5.2.1 want: ^4.4.0
139 silly placeDep ROOT depd@2.0.0 OK for: express@5.2.1 want: ^2.0.0
140 silly placeDep ROOT encodeurl@2.0.0 OK for: express@5.2.1 want: ^2.0.0
141 silly placeDep ROOT escape-html@1.0.3 OK for: express@5.2.1 want: ^1.0.3
142 silly placeDep ROOT etag@1.8.1 OK for: express@5.2.1 want: ^1.8.1
143 silly placeDep ROOT finalhandler@2.1.1 OK for: express@5.2.1 want: ^2.1.0
144 silly placeDep ROOT fresh@2.0.0 OK for: express@5.2.1 want: ^2.0.0
145 silly placeDep ROOT http-errors@2.0.1 OK for: express@5.2.1 want: ^2.0.0
146 silly placeDep ROOT merge-descriptors@2.0.0 OK for: express@5.2.1 want: ^2.0.0
147 silly placeDep ROOT mime-types@3.0.2 OK for: express@5.2.1 want: ^3.0.0
148 silly placeDep ROOT on-finished@2.4.1 OK for: express@5.2.1 want: ^2.4.1
149 silly placeDep ROOT once@1.4.0 OK for: express@5.2.1 want: ^1.4.0
150 silly placeDep ROOT parseurl@1.3.3 OK for: express@5.2.1 want: ^1.3.3
151 silly placeDep ROOT proxy-addr@2.0.7 OK for: express@5.2.1 want: ^2.0.7
152 silly placeDep ROOT qs@6.15.3 OK for: express@5.2.1 want: ^6.14.0
153 silly placeDep ROOT range-parser@1.3.0 OK for: express@5.2.1 want: ^1.2.1
154 silly placeDep ROOT router@2.2.0 OK for: express@5.2.1 want: ^2.2.0
155 silly placeDep ROOT send@1.2.1 OK for: express@5.2.1 want: ^1.1.0
156 silly placeDep ROOT serve-static@2.2.1 OK for: express@5.2.1 want: ^2.2.0
157 silly placeDep ROOT statuses@2.0.2 OK for: express@5.2.1 want: ^2.0.1
158 silly placeDep ROOT type-is@2.1.0 OK for: express@5.2.1 want: ^2.0.1
159 silly placeDep ROOT vary@1.1.2 OK for: express@5.2.1 want: ^1.1.2
160 silly fetch manifest negotiator@^1.0.0
161 silly packumentCache full:https://registry.npmjs.org/negotiator cache-miss
162 silly fetch manifest qs@^6.15.2
163 silly packumentCache full:https://registry.npmjs.org/qs cache-miss
164 silly fetch manifest bytes@^3.1.2
165 silly packumentCache full:https://registry.npmjs.org/bytes cache-miss
166 http cache https://registry.npmjs.org/qs 22ms (cache hit)
167 silly packumentCache full:https://registry.npmjs.org/qs set size:360318 disposed:false
168 silly fetch manifest debug@^4.4.3
169 silly packumentCache full:https://registry.npmjs.org/debug cache-miss
170 http cache https://registry.npmjs.org/debug 10ms (cache hit)
171 silly packumentCache full:https://registry.npmjs.org/debug set size:195840 disposed:false
172 silly fetch manifest type-is@^2.1.0
173 silly packumentCache full:https://registry.npmjs.org/type-is cache-miss
174 http cache https://registry.npmjs.org/type-is 11ms (cache hit)
175 silly packumentCache full:https://registry.npmjs.org/type-is set size:88614 disposed:false
176 silly fetch manifest raw-body@^3.0.2
177 silly packumentCache full:https://registry.npmjs.org/raw-body cache-miss
178 http fetch GET 200 https://registry.npmjs.org/negotiator 324ms (cache miss)
179 silly packumentCache full:https://registry.npmjs.org/negotiator set size:undefined disposed:false
180 silly fetch manifest iconv-lite@^0.7.2
181 silly packumentCache full:https://registry.npmjs.org/iconv-lite cache-miss
182 http fetch GET 200 https://registry.npmjs.org/bytes 333ms (cache miss)
183 silly packumentCache full:https://registry.npmjs.org/bytes set size:undefined disposed:false
184 silly fetch manifest http-errors@^2.0.1
185 silly packumentCache full:https://registry.npmjs.org/http-errors cache-miss
186 http cache https://registry.npmjs.org/http-errors 32ms (cache hit)
187 silly packumentCache full:https://registry.npmjs.org/http-errors set size:71987 disposed:false
188 silly fetch manifest content-type@^2.0.0
189 silly packumentCache full:https://registry.npmjs.org/content-type cache-miss
190 http fetch GET 200 https://registry.npmjs.org/raw-body 320ms (cache miss)
191 silly packumentCache full:https://registry.npmjs.org/raw-body set size:undefined disposed:false
192 silly fetch manifest ms@^2.1.3
193 silly packumentCache full:https://registry.npmjs.org/ms cache-miss
194 http fetch GET 200 https://registry.npmjs.org/iconv-lite 60ms (cache miss)
195 silly packumentCache full:https://registry.npmjs.org/iconv-lite set size:undefined disposed:false
196 silly fetch manifest inherits@~2.0.4
197 silly packumentCache full:https://registry.npmjs.org/inherits cache-miss
198 http cache https://registry.npmjs.org/content-type 20ms (cache hit)
199 silly packumentCache full:https://registry.npmjs.org/content-type set size:23936 disposed:false
200 silly fetch manifest setprototypeof@~1.2.0
201 silly packumentCache full:https://registry.npmjs.org/setprototypeof cache-miss
202 http fetch GET 200 https://registry.npmjs.org/inherits 312ms (cache miss)
203 silly packumentCache full:https://registry.npmjs.org/inherits set size:undefined disposed:false
204 silly fetch manifest statuses@~2.0.2
205 silly packumentCache full:https://registry.npmjs.org/statuses cache-miss
206 http fetch GET 200 https://registry.npmjs.org/setprototypeof 311ms (cache miss)
207 silly packumentCache full:https://registry.npmjs.org/setprototypeof set size:undefined disposed:false
208 silly fetch manifest toidentifier@~1.0.1
209 silly packumentCache full:https://registry.npmjs.org/toidentifier cache-miss
210 http fetch GET 200 https://registry.npmjs.org/ms 341ms (cache miss)
211 silly packumentCache full:https://registry.npmjs.org/ms set size:undefined disposed:false
212 silly fetch manifest mime-db@^1.54.0
213 silly packumentCache full:https://registry.npmjs.org/mime-db cache-miss
214 http cache https://registry.npmjs.org/statuses 24ms (cache hit)
215 silly packumentCache full:https://registry.npmjs.org/statuses set size:37117 disposed:false
216 silly fetch manifest ee-first@1.1.1
217 silly packumentCache full:https://registry.npmjs.org/ee-first cache-miss
218 http fetch GET 200 https://registry.npmjs.org/ee-first 325ms (cache miss)
219 silly packumentCache full:https://registry.npmjs.org/ee-first set size:undefined disposed:false
220 silly fetch manifest wrappy@1
221 silly packumentCache full:https://registry.npmjs.org/wrappy cache-miss
222 http fetch GET 200 https://registry.npmjs.org/toidentifier 350ms (cache miss)
223 silly packumentCache full:https://registry.npmjs.org/toidentifier set size:undefined disposed:false
224 silly fetch manifest forwarded@0.2.0
225 silly packumentCache full:https://registry.npmjs.org/forwarded cache-miss
226 http fetch GET 200 https://registry.npmjs.org/mime-db 352ms (cache miss)
227 silly packumentCache full:https://registry.npmjs.org/mime-db set size:undefined disposed:false
228 silly fetch manifest ipaddr.js@1.9.1
229 silly packumentCache full:https://registry.npmjs.org/ipaddr.js cache-miss
230 http fetch GET 200 https://registry.npmjs.org/wrappy 500ms (cache miss)
231 silly packumentCache full:https://registry.npmjs.org/wrappy set size:undefined disposed:false
232 silly fetch manifest side-channel@^1.1.1
233 silly packumentCache full:https://registry.npmjs.org/side-channel cache-miss
234 http fetch GET 200 https://registry.npmjs.org/forwarded 514ms (cache miss)
235 silly packumentCache full:https://registry.npmjs.org/forwarded set size:undefined disposed:false
236 silly fetch manifest es-define-property@^1.0.1
237 silly packumentCache full:https://registry.npmjs.org/es-define-property cache-miss
238 http fetch GET 200 https://registry.npmjs.org/ipaddr.js 519ms (cache miss)
239 silly packumentCache full:https://registry.npmjs.org/ipaddr.js set size:undefined disposed:false
240 silly fetch manifest is-promise@^4.0.0
241 silly packumentCache full:https://registry.npmjs.org/is-promise cache-miss
242 http fetch GET 200 https://registry.npmjs.org/side-channel 415ms (cache miss)
243 silly packumentCache full:https://registry.npmjs.org/side-channel set size:undefined disposed:false
244 silly fetch manifest path-to-regexp@^8.0.0
245 silly packumentCache full:https://registry.npmjs.org/path-to-regexp cache-miss
246 http fetch GET 200 https://registry.npmjs.org/is-promise 388ms (cache miss)
247 silly packumentCache full:https://registry.npmjs.org/is-promise set size:undefined disposed:false
248 silly fetch manifest statuses@^2.0.2
249 silly packumentCache full:https://registry.npmjs.org/statuses cache-hit
250 silly fetch manifest media-typer@^1.1.0
251 silly packumentCache full:https://registry.npmjs.org/media-typer cache-miss
252 http fetch GET 200 https://registry.npmjs.org/es-define-property 415ms (cache miss)
253 silly packumentCache full:https://registry.npmjs.org/es-define-property set size:undefined disposed:false
254 http fetch GET 200 https://registry.npmjs.org/media-typer 377ms (cache miss)
255 silly packumentCache full:https://registry.npmjs.org/media-typer set size:undefined disposed:false
256 http fetch GET 200 https://registry.npmjs.org/path-to-regexp 397ms (cache miss)
257 silly packumentCache full:https://registry.npmjs.org/path-to-regexp set size:undefined disposed:false
258 silly placeDep ROOT negotiator@1.1.0 OK for: accepts@2.0.0 want: ^1.0.0
259 silly fetch manifest content-type@^2.1.0
260 silly packumentCache full:https://registry.npmjs.org/content-type cache-hit
261 silly placeDep ROOT bytes@3.1.2 OK for: body-parser@2.3.0 want: ^3.1.2
262 silly placeDep node_modules/body-parser content-type@2.1.0 OK for: body-parser@2.3.0 want: ^2.0.0
263 silly placeDep ROOT iconv-lite@0.7.3 OK for: body-parser@2.3.0 want: ^0.7.2
264 silly placeDep ROOT raw-body@3.0.2 OK for: body-parser@2.3.0 want: ^3.0.2
265 silly fetch manifest safer-buffer@>= 2.1.2 < 3.0.0
266 silly packumentCache full:https://registry.npmjs.org/safer-buffer cache-miss
267 silly fetch manifest unpipe@~1.0.0
268 silly packumentCache full:https://registry.npmjs.org/unpipe cache-miss
269 http fetch GET 200 https://registry.npmjs.org/safer-buffer 503ms (cache miss)
270 silly packumentCache full:https://registry.npmjs.org/safer-buffer set size:undefined disposed:false
271 http fetch GET 200 https://registry.npmjs.org/unpipe 1030ms (cache miss)
272 silly packumentCache full:https://registry.npmjs.org/unpipe set size:undefined disposed:false
273 silly placeDep ROOT ms@2.1.3 OK for: debug@4.4.3 want: ^2.1.3
274 silly placeDep ROOT inherits@2.0.4 OK for: http-errors@2.0.1 want: ~2.0.4
275 silly placeDep ROOT setprototypeof@1.2.0 OK for: http-errors@2.0.1 want: ~1.2.0
276 silly placeDep ROOT toidentifier@1.0.1 OK for: http-errors@2.0.1 want: ~1.0.1
277 silly placeDep ROOT safer-buffer@2.1.2 OK for: iconv-lite@0.7.3 want: >= 2.1.2 < 3.0.0
278 silly placeDep ROOT mime-db@1.54.0 OK for: mime-types@3.0.2 want: ^1.54.0
279 silly placeDep node_modules/negotiator content-type@2.1.0 OK for: negotiator@1.1.0 want: ^2.1.0
280 silly placeDep ROOT ee-first@1.1.1 OK for: on-finished@2.4.1 want: 1.1.1
281 silly placeDep ROOT wrappy@1.0.2 OK for: once@1.4.0 want: 1
282 silly placeDep ROOT forwarded@0.2.0 OK for: proxy-addr@2.0.7 want: 0.2.0
283 silly placeDep ROOT ipaddr.js@1.9.1 OK for: proxy-addr@2.0.7 want: 1.9.1
284 silly placeDep ROOT es-define-property@1.0.1 OK for: qs@6.15.3 want: ^1.0.1
285 silly placeDep ROOT side-channel@1.1.1 OK for: qs@6.15.3 want: ^1.1.1
286 silly fetch manifest es-errors@^1.3.0
287 silly packumentCache full:https://registry.npmjs.org/es-errors cache-miss
288 silly fetch manifest object-inspect@^1.13.4
289 silly packumentCache full:https://registry.npmjs.org/object-inspect cache-miss
290 silly fetch manifest side-channel-list@^1.0.1
291 silly packumentCache full:https://registry.npmjs.org/side-channel-list cache-miss
292 http fetch GET 200 https://registry.npmjs.org/es-errors 36ms (cache miss)
293 silly packumentCache full:https://registry.npmjs.org/es-errors set size:undefined disposed:false
294 silly fetch manifest side-channel-map@^1.0.1
295 silly packumentCache full:https://registry.npmjs.org/side-channel-map cache-miss
296 http fetch GET 200 https://registry.npmjs.org/side-channel-list 443ms (cache miss)
297 silly packumentCache full:https://registry.npmjs.org/side-channel-list set size:undefined disposed:false
298 silly fetch manifest side-channel-weakmap@^1.0.2
299 silly packumentCache full:https://registry.npmjs.org/side-channel-weakmap cache-miss
300 http fetch GET 200 https://registry.npmjs.org/side-channel-map 442ms (cache miss)
301 silly packumentCache full:https://registry.npmjs.org/side-channel-map set size:undefined disposed:false
302 http fetch GET 200 https://registry.npmjs.org/object-inspect 495ms (cache miss)
303 silly packumentCache full:https://registry.npmjs.org/object-inspect set size:undefined disposed:false
304 http fetch GET 200 https://registry.npmjs.org/side-channel-weakmap 335ms (cache miss)
305 silly packumentCache full:https://registry.npmjs.org/side-channel-weakmap set size:undefined disposed:false
306 silly placeDep ROOT unpipe@1.0.0 OK for: raw-body@3.0.2 want: ~1.0.0
307 silly placeDep ROOT is-promise@4.0.0 OK for: router@2.2.0 want: ^4.0.0
308 silly placeDep ROOT path-to-regexp@8.4.2 OK for: router@2.2.0 want: ^8.0.0
309 silly placeDep ROOT es-errors@1.3.0 OK for: side-channel@1.1.1 want: ^1.3.0
310 silly placeDep ROOT object-inspect@1.13.4 OK for: side-channel@1.1.1 want: ^1.13.4
311 silly placeDep ROOT side-channel-list@1.0.1 OK for: side-channel@1.1.1 want: ^1.0.1
312 silly placeDep ROOT side-channel-map@1.0.1 OK for: side-channel@1.1.1 want: ^1.0.1
313 silly placeDep ROOT side-channel-weakmap@1.0.2 OK for: side-channel@1.1.1 want: ^1.0.2
314 silly fetch manifest call-bound@^1.0.2
315 silly packumentCache full:https://registry.npmjs.org/call-bound cache-miss
316 silly fetch manifest get-intrinsic@^1.2.5
317 silly packumentCache full:https://registry.npmjs.org/get-intrinsic cache-miss
318 silly fetch manifest call-bound@^1.0.2
319 silly packumentCache full:https://registry.npmjs.org/call-bound cache-miss
320 http fetch GET 200 https://registry.npmjs.org/call-bound 294ms (cache miss)
321 silly packumentCache full:https://registry.npmjs.org/call-bound set size:undefined disposed:false
322 silly fetch manifest get-intrinsic@^1.2.5
323 silly packumentCache full:https://registry.npmjs.org/get-intrinsic cache-miss
324 http fetch GET 200 https://registry.npmjs.org/call-bound 296ms (cache miss)
325 silly packumentCache full:https://registry.npmjs.org/call-bound set size:undefined disposed:false
326 http fetch GET 200 https://registry.npmjs.org/get-intrinsic 299ms (cache miss)
327 silly packumentCache full:https://registry.npmjs.org/get-intrinsic set size:undefined disposed:false
328 http fetch GET 200 https://registry.npmjs.org/get-intrinsic 36ms (cache miss)
329 silly packumentCache full:https://registry.npmjs.org/get-intrinsic set size:undefined disposed:false
330 silly placeDep ROOT call-bound@1.0.4 OK for: side-channel-map@1.0.1 want: ^1.0.2
331 silly placeDep ROOT get-intrinsic@1.3.0 OK for: side-channel-map@1.0.1 want: ^1.2.5
332 silly fetch manifest call-bind-apply-helpers@^1.0.2
333 silly packumentCache full:https://registry.npmjs.org/call-bind-apply-helpers cache-miss
334 silly fetch manifest get-intrinsic@^1.3.0
335 silly packumentCache full:https://registry.npmjs.org/get-intrinsic cache-miss
336 silly fetch manifest gopd@^1.2.0
337 silly packumentCache full:https://registry.npmjs.org/gopd cache-miss
338 http cache https://registry.npmjs.org/get-intrinsic 7ms (cache hit)
339 silly packumentCache full:https://registry.npmjs.org/get-intrinsic set size:60985 disposed:false
340 silly fetch manifest hasown@^2.0.2
341 silly packumentCache full:https://registry.npmjs.org/hasown cache-miss
342 http fetch GET 200 https://registry.npmjs.org/hasown 35ms (cache miss)
343 silly packumentCache full:https://registry.npmjs.org/hasown set size:undefined disposed:false
344 silly fetch manifest get-proto@^1.0.1
345 silly packumentCache full:https://registry.npmjs.org/get-proto cache-miss
346 http fetch GET 200 https://registry.npmjs.org/get-proto 372ms (cache miss)
347 silly packumentCache full:https://registry.npmjs.org/get-proto set size:undefined disposed:false
348 silly fetch manifest has-symbols@^1.1.0
349 silly packumentCache full:https://registry.npmjs.org/has-symbols cache-miss
350 http fetch GET 200 https://registry.npmjs.org/call-bind-apply-helpers 434ms (cache miss)
351 silly packumentCache full:https://registry.npmjs.org/call-bind-apply-helpers set size:undefined disposed:false
352 silly fetch manifest function-bind@^1.1.2
353 silly packumentCache full:https://registry.npmjs.org/function-bind cache-miss
354 http fetch GET 200 https://registry.npmjs.org/gopd 476ms (cache miss)
355 silly packumentCache full:https://registry.npmjs.org/gopd set size:undefined disposed:false
356 silly fetch manifest es-object-atoms@^1.1.1
357 silly packumentCache full:https://registry.npmjs.org/es-object-atoms cache-miss
358 http fetch GET 200 https://registry.npmjs.org/has-symbols 309ms (cache miss)
359 silly packumentCache full:https://registry.npmjs.org/has-symbols set size:undefined disposed:false
360 silly fetch manifest math-intrinsics@^1.1.0
361 silly packumentCache full:https://registry.npmjs.org/math-intrinsics cache-miss
362 http fetch GET 200 https://registry.npmjs.org/es-object-atoms 369ms (cache miss)
363 silly packumentCache full:https://registry.npmjs.org/es-object-atoms set size:undefined disposed:false
364 http fetch GET 200 https://registry.npmjs.org/function-bind 413ms (cache miss)
365 silly packumentCache full:https://registry.npmjs.org/function-bind set size:undefined disposed:false
366 http fetch GET 200 https://registry.npmjs.org/math-intrinsics 311ms (cache miss)
367 silly packumentCache full:https://registry.npmjs.org/math-intrinsics set size:undefined disposed:false
368 silly placeDep ROOT call-bind-apply-helpers@1.0.2 OK for: call-bound@1.0.4 want: ^1.0.2
369 silly placeDep ROOT function-bind@1.1.2 OK for: call-bind-apply-helpers@1.0.2 want: ^1.1.2
370 silly placeDep ROOT es-object-atoms@1.1.2 OK for: get-intrinsic@1.3.0 want: ^1.1.1
371 silly placeDep ROOT get-proto@1.0.1 OK for: get-intrinsic@1.3.0 want: ^1.0.1
372 silly placeDep ROOT gopd@1.2.0 OK for: get-intrinsic@1.3.0 want: ^1.2.0
373 silly placeDep ROOT has-symbols@1.1.0 OK for: get-intrinsic@1.3.0 want: ^1.1.0
374 silly placeDep ROOT hasown@2.0.4 OK for: get-intrinsic@1.3.0 want: ^2.0.2
375 silly placeDep ROOT math-intrinsics@1.1.0 OK for: get-intrinsic@1.3.0 want: ^1.1.0
376 silly fetch manifest dunder-proto@^1.0.1
377 silly packumentCache full:https://registry.npmjs.org/dunder-proto cache-miss
378 http fetch GET 200 https://registry.npmjs.org/dunder-proto 339ms (cache miss)
379 silly packumentCache full:https://registry.npmjs.org/dunder-proto set size:undefined disposed:false
380 silly placeDep ROOT dunder-proto@1.0.1 OK for: get-proto@1.0.1 want: ^1.0.1
381 silly placeDep node_modules/type-is content-type@2.1.0 OK for: type-is@2.1.0 want: ^2.0.0
382 silly placeDep ROOT media-typer@1.1.1 OK for: type-is@2.1.0 want: ^1.1.0
383 silly reify moves {}
384 silly audit bulk request {
384 silly audit   express: [ '5.2.1' ],
384 silly audit   accepts: [ '2.0.0' ],
384 silly audit   'body-parser': [ '2.3.0' ],
384 silly audit   'content-disposition': [ '1.1.0' ],
384 silly audit   'content-type': [ '1.0.5', '2.1.0' ],
384 silly audit   cookie: [ '0.7.2' ],
384 silly audit   'cookie-signature': [ '1.2.2' ],
384 silly audit   debug: [ '4.4.3' ],
384 silly audit   depd: [ '2.0.0' ],
384 silly audit   encodeurl: [ '2.0.0' ],
384 silly audit   'escape-html': [ '1.0.3' ],
384 silly audit   etag: [ '1.8.1' ],
384 silly audit   finalhandler: [ '2.1.1' ],
384 silly audit   fresh: [ '2.0.0' ],
384 silly audit   'http-errors': [ '2.0.1' ],
384 silly audit   'merge-descriptors': [ '2.0.0' ],
384 silly audit   'mime-types': [ '3.0.2' ],
384 silly audit   'on-finished': [ '2.4.1' ],
384 silly audit   once: [ '1.4.0' ],
384 silly audit   parseurl: [ '1.3.3' ],
384 silly audit   'proxy-addr': [ '2.0.7' ],
384 silly audit   qs: [ '6.15.3' ],
384 silly audit   'range-parser': [ '1.3.0' ],
384 silly audit   router: [ '2.2.0' ],
384 silly audit   send: [ '1.2.1' ],
384 silly audit   'serve-static': [ '2.2.1' ],
384 silly audit   statuses: [ '2.0.2' ],
384 silly audit   'type-is': [ '2.1.0' ],
384 silly audit   vary: [ '1.1.2' ],
384 silly audit   negotiator: [ '1.1.0' ],
384 silly audit   bytes: [ '3.1.2' ],
384 silly audit   'iconv-lite': [ '0.7.3' ],
384 silly audit   'raw-body': [ '3.0.2' ],
384 silly audit   ms: [ '2.1.3' ],
384 silly audit   inherits: [ '2.0.4' ],
384 silly audit   setprototypeof: [ '1.2.0' ],
384 silly audit   toidentifier: [ '1.0.1' ],
384 silly audit   'safer-buffer': [ '2.1.2' ],
384 silly audit   'mime-db': [ '1.54.0' ],
384 silly audit   'ee-first': [ '1.1.1' ],
384 silly audit   wrappy: [ '1.0.2' ],
384 silly audit   forwarded: [ '0.2.0' ],
384 silly audit   'ipaddr.js': [ '1.9.1' ],
384 silly audit   'es-define-property': [ '1.0.1' ],
384 silly audit   'side-channel': [ '1.1.1' ],
384 silly audit   unpipe: [ '1.0.0' ],
384 silly audit   'is-promise': [ '4.0.0' ],
384 silly audit   'path-to-regexp': [ '8.4.2' ],
384 silly audit   'es-errors': [ '1.3.0' ],
384 silly audit   'object-inspect': [ '1.13.4' ],
384 silly audit   'side-channel-list': [ '1.0.1' ],
384 silly audit   'side-channel-map': [ '1.0.1' ],
384 silly audit   'side-channel-weakmap': [ '1.0.2' ],
384 silly audit   'call-bound': [ '1.0.4' ],
384 silly audit   'get-intrinsic': [ '1.3.0' ],
384 silly audit   'call-bind-apply-helpers': [ '1.0.2' ],
384 silly audit   'function-bind': [ '1.1.2' ],
384 silly audit   'es-object-atoms': [ '1.1.2' ],
384 silly audit   'get-proto': [ '1.0.1' ],
384 silly audit   gopd: [ '1.2.0' ],
384 silly audit   'has-symbols': [ '1.1.0' ],
384 silly audit   hasown: [ '2.0.4' ],
384 silly audit   'math-intrinsics': [ '1.1.0' ],
384 silly audit   'dunder-proto': [ '1.0.1' ],
384 silly audit   'media-typer': [ '1.1.1' ]
384 silly audit }
385 http cache dunder-proto@https://registry.npmjs.org/dunder-proto/-/dunder-proto-1.0.1.tgz 0ms (cache hit)
386 http cache media-typer@https://registry.npmjs.org/media-typer/-/media-typer-1.1.1.tgz 0ms (cache hit)
387 http cache math-intrinsics@https://registry.npmjs.org/math-intrinsics/-/math-intrinsics-1.1.0.tgz 0ms (cache hit)
388 http cache hasown@https://registry.npmjs.org/hasown/-/hasown-2.0.4.tgz 0ms (cache hit)
389 http cache has-symbols@https://registry.npmjs.org/has-symbols/-/has-symbols-1.1.0.tgz 0ms (cache hit)
390 http cache gopd@https://registry.npmjs.org/gopd/-/gopd-1.2.0.tgz 0ms (cache hit)
391 http cache get-proto@https://registry.npmjs.org/get-proto/-/get-proto-1.0.1.tgz 0ms (cache hit)
392 http cache es-object-atoms@https://registry.npmjs.org/es-object-atoms/-/es-object-atoms-1.1.2.tgz 0ms (cache hit)
393 http cache function-bind@https://registry.npmjs.org/function-bind/-/function-bind-1.1.2.tgz 0ms (cache hit)
394 http cache call-bind-apply-helpers@https://registry.npmjs.org/call-bind-apply-helpers/-/call-bind-apply-helpers-1.0.2.tgz 0ms (cache hit)
395 http cache get-intrinsic@https://registry.npmjs.org/get-intrinsic/-/get-intrinsic-1.3.0.tgz 0ms (cache hit)
396 http cache call-bound@https://registry.npmjs.org/call-bound/-/call-bound-1.0.4.tgz 0ms (cache hit)
397 http cache side-channel-weakmap@https://registry.npmjs.org/side-channel-weakmap/-/side-channel-weakmap-1.0.2.tgz 0ms (cache hit)
398 http cache side-channel-map@https://registry.npmjs.org/side-channel-map/-/side-channel-map-1.0.1.tgz 0ms (cache hit)
399 http cache side-channel-list@https://registry.npmjs.org/side-channel-list/-/side-channel-list-1.0.1.tgz 0ms (cache hit)
400 http cache object-inspect@https://registry.npmjs.org/object-inspect/-/object-inspect-1.13.4.tgz 0ms (cache hit)
401 http cache es-errors@https://registry.npmjs.org/es-errors/-/es-errors-1.3.0.tgz 0ms (cache hit)
402 http cache path-to-regexp@https://registry.npmjs.org/path-to-regexp/-/path-to-regexp-8.4.2.tgz 0ms (cache hit)
403 http cache is-promise@https://registry.npmjs.org/is-promise/-/is-promise-4.0.0.tgz 0ms (cache hit)
404 http cache unpipe@https://registry.npmjs.org/unpipe/-/unpipe-1.0.0.tgz 0ms (cache hit)
405 http cache side-channel@https://registry.npmjs.org/side-channel/-/side-channel-1.1.1.tgz 0ms (cache hit)
406 http cache es-define-property@https://registry.npmjs.org/es-define-property/-/es-define-property-1.0.1.tgz 0ms (cache hit)
407 http cache ipaddr.js@https://registry.npmjs.org/ipaddr.js/-/ipaddr.js-1.9.1.tgz 0ms (cache hit)
408 http cache forwarded@https://registry.npmjs.org/forwarded/-/forwarded-0.2.0.tgz 0ms (cache hit)
409 http cache wrappy@https://registry.npmjs.org/wrappy/-/wrappy-1.0.2.tgz 0ms (cache hit)
410 http cache ee-first@https://registry.npmjs.org/ee-first/-/ee-first-1.1.1.tgz 0ms (cache hit)
411 http cache mime-db@https://registry.npmjs.org/mime-db/-/mime-db-1.54.0.tgz 0ms (cache hit)
412 http cache safer-buffer@https://registry.npmjs.org/safer-buffer/-/safer-buffer-2.1.2.tgz 0ms (cache hit)
413 http cache toidentifier@https://registry.npmjs.org/toidentifier/-/toidentifier-1.0.1.tgz 0ms (cache hit)
414 http cache setprototypeof@https://registry.npmjs.org/setprototypeof/-/setprototypeof-1.2.0.tgz 0ms (cache hit)
415 http cache inherits@https://registry.npmjs.org/inherits/-/inherits-2.0.4.tgz 0ms (cache hit)
416 http cache ms@https://registry.npmjs.org/ms/-/ms-2.1.3.tgz 0ms (cache hit)
417 http cache raw-body@https://registry.npmjs.org/raw-body/-/raw-body-3.0.2.tgz 0ms (cache hit)
418 http cache iconv-lite@https://registry.npmjs.org/iconv-lite/-/iconv-lite-0.7.3.tgz 0ms (cache hit)
419 http cache bytes@https://registry.npmjs.org/bytes/-/bytes-3.1.2.tgz 0ms (cache hit)
420 http cache negotiator@https://registry.npmjs.org/negotiator/-/negotiator-1.1.0.tgz 0ms (cache hit)
421 http cache vary@https://registry.npmjs.org/vary/-/vary-1.1.2.tgz 0ms (cache hit)
422 http cache type-is@https://registry.npmjs.org/type-is/-/type-is-2.1.0.tgz 0ms (cache hit)
423 http cache statuses@https://registry.npmjs.org/statuses/-/statuses-2.0.2.tgz 0ms (cache hit)
424 http cache router@https://registry.npmjs.org/router/-/router-2.2.0.tgz 0ms (cache hit)
425 http cache serve-static@https://registry.npmjs.org/serve-static/-/serve-static-2.2.1.tgz 0ms (cache hit)
426 http cache send@https://registry.npmjs.org/send/-/send-1.2.1.tgz 0ms (cache hit)
427 http cache range-parser@https://registry.npmjs.org/range-parser/-/range-parser-1.3.0.tgz 0ms (cache hit)
428 http cache qs@https://registry.npmjs.org/qs/-/qs-6.15.3.tgz 0ms (cache hit)
429 http cache proxy-addr@https://registry.npmjs.org/proxy-addr/-/proxy-addr-2.0.7.tgz 0ms (cache hit)
430 http cache parseurl@https://registry.npmjs.org/parseurl/-/parseurl-1.3.3.tgz 0ms (cache hit)
431 http cache once@https://registry.npmjs.org/once/-/once-1.4.0.tgz 0ms (cache hit)
432 http cache on-finished@https://registry.npmjs.org/on-finished/-/on-finished-2.4.1.tgz 0ms (cache hit)
433 http cache mime-types@https://registry.npmjs.org/mime-types/-/mime-types-3.0.2.tgz 0ms (cache hit)
434 http cache merge-descriptors@https://registry.npmjs.org/merge-descriptors/-/merge-descriptors-2.0.0.tgz 1ms (cache hit)
435 http cache http-errors@https://registry.npmjs.org/http-errors/-/http-errors-2.0.1.tgz 0ms (cache hit)
436 http cache fresh@https://registry.npmjs.org/fresh/-/fresh-2.0.0.tgz 0ms (cache hit)
437 http cache finalhandler@https://registry.npmjs.org/finalhandler/-/finalhandler-2.1.1.tgz 0ms (cache hit)
438 http cache escape-html@https://registry.npmjs.org/escape-html/-/escape-html-1.0.3.tgz 0ms (cache hit)
439 http cache etag@https://registry.npmjs.org/etag/-/etag-1.8.1.tgz 0ms (cache hit)
440 http cache encodeurl@https://registry.npmjs.org/encodeurl/-/encodeurl-2.0.0.tgz 0ms (cache hit)
441 http cache depd@https://registry.npmjs.org/depd/-/depd-2.0.0.tgz 1ms (cache hit)
442 http cache debug@https://registry.npmjs.org/debug/-/debug-4.4.3.tgz 0ms (cache hit)
443 http cache content-disposition@https://registry.npmjs.org/content-disposition/-/content-disposition-1.1.0.tgz 0ms (cache hit)
444 http cache content-type@https://registry.npmjs.org/content-type/-/content-type-1.0.5.tgz 0ms (cache hit)
445 http cache cookie-signature@https://registry.npmjs.org/cookie-signature/-/cookie-signature-1.2.2.tgz 0ms (cache hit)
446 http cache cookie@https://registry.npmjs.org/cookie/-/cookie-0.7.2.tgz 0ms (cache hit)
447 http cache body-parser@https://registry.npmjs.org/body-parser/-/body-parser-2.3.0.tgz 0ms (cache hit)
448 http cache accepts@https://registry.npmjs.org/accepts/-/accepts-2.0.0.tgz 0ms (cache hit)
449 http cache express@https://registry.npmjs.org/express/-/express-5.2.1.tgz 0ms (cache hit)
450 http cache content-type@https://registry.npmjs.org/content-type/-/content-type-2.1.0.tgz 0ms (cache hit)
451 http cache content-type@https://registry.npmjs.org/content-type/-/content-type-2.1.0.tgz 0ms (cache hit)
452 http cache content-type@https://registry.npmjs.org/content-type/-/content-type-2.1.0.tgz 1ms (cache hit)
453 silly tarball no local data for dunder-proto@https://registry.npmjs.org/dunder-proto/-/dunder-proto-1.0.1.tgz. Extracting by manifest.
454 silly tarball no local data for media-typer@https://registry.npmjs.org/media-typer/-/media-typer-1.1.1.tgz. Extracting by manifest.
455 silly tarball no local data for math-intrinsics@https://registry.npmjs.org/math-intrinsics/-/math-intrinsics-1.1.0.tgz. Extracting by manifest.
456 silly tarball no local data for hasown@https://registry.npmjs.org/hasown/-/hasown-2.0.4.tgz. Extracting by manifest.
457 silly tarball no local data for has-symbols@https://registry.npmjs.org/has-symbols/-/has-symbols-1.1.0.tgz. Extracting by manifest.
458 silly tarball no local data for gopd@https://registry.npmjs.org/gopd/-/gopd-1.2.0.tgz. Extracting by manifest.
459 silly tarball no local data for get-proto@https://registry.npmjs.org/get-proto/-/get-proto-1.0.1.tgz. Extracting by manifest.
460 silly tarball no local data for es-object-atoms@https://registry.npmjs.org/es-object-atoms/-/es-object-atoms-1.1.2.tgz. Extracting by manifest.
461 silly tarball no local data for function-bind@https://registry.npmjs.org/function-bind/-/function-bind-1.1.2.tgz. Extracting by manifest.
462 silly tarball no local data for call-bind-apply-helpers@https://registry.npmjs.org/call-bind-apply-helpers/-/call-bind-apply-helpers-1.0.2.tgz. Extracting by manifest.
463 silly tarball no local data for get-intrinsic@https://registry.npmjs.org/get-intrinsic/-/get-intrinsic-1.3.0.tgz. Extracting by manifest.
464 silly tarball no local data for call-bound@https://registry.npmjs.org/call-bound/-/call-bound-1.0.4.tgz. Extracting by manifest.
465 silly tarball no local data for side-channel-weakmap@https://registry.npmjs.org/side-channel-weakmap/-/side-channel-weakmap-1.0.2.tgz. Extracting by manifest.
466 silly tarball no local data for side-channel-map@https://registry.npmjs.org/side-channel-map/-/side-channel-map-1.0.1.tgz. Extracting by manifest.
467 silly tarball no local data for side-channel-list@https://registry.npmjs.org/side-channel-list/-/side-channel-list-1.0.1.tgz. Extracting by manifest.
468 silly tarball no local data for object-inspect@https://registry.npmjs.org/object-inspect/-/object-inspect-1.13.4.tgz. Extracting by manifest.
469 silly tarball no local data for es-errors@https://registry.npmjs.org/es-errors/-/es-errors-1.3.0.tgz. Extracting by manifest.
470 silly tarball no local data for path-to-regexp@https://registry.npmjs.org/path-to-regexp/-/path-to-regexp-8.4.2.tgz. Extracting by manifest.
471 silly tarball no local data for is-promise@https://registry.npmjs.org/is-promise/-/is-promise-4.0.0.tgz. Extracting by manifest.
472 silly tarball no local data for unpipe@https://registry.npmjs.org/unpipe/-/unpipe-1.0.0.tgz. Extracting by manifest.
473 silly tarball no local data for side-channel@https://registry.npmjs.org/side-channel/-/side-channel-1.1.1.tgz. Extracting by manifest.
474 silly tarball no local data for es-define-property@https://registry.npmjs.org/es-define-property/-/es-define-property-1.0.1.tgz. Extracting by manifest.
475 silly tarball no local data for ipaddr.js@https://registry.npmjs.org/ipaddr.js/-/ipaddr.js-1.9.1.tgz. Extracting by manifest.
476 silly tarball no local data for forwarded@https://registry.npmjs.org/forwarded/-/forwarded-0.2.0.tgz. Extracting by manifest.
477 silly tarball no local data for wrappy@https://registry.npmjs.org/wrappy/-/wrappy-1.0.2.tgz. Extracting by manifest.
478 silly tarball no local data for ee-first@https://registry.npmjs.org/ee-first/-/ee-first-1.1.1.tgz. Extracting by manifest.
479 silly tarball no local data for mime-db@https://registry.npmjs.org/mime-db/-/mime-db-1.54.0.tgz. Extracting by manifest.
480 silly tarball no local data for safer-buffer@https://registry.npmjs.org/safer-buffer/-/safer-buffer-2.1.2.tgz. Extracting by manifest.
481 silly tarball no local data for toidentifier@https://registry.npmjs.org/toidentifier/-/toidentifier-1.0.1.tgz. Extracting by manifest.
482 silly tarball no local data for setprototypeof@https://registry.npmjs.org/setprototypeof/-/setprototypeof-1.2.0.tgz. Extracting by manifest.
483 silly tarball no local data for inherits@https://registry.npmjs.org/inherits/-/inherits-2.0.4.tgz. Extracting by manifest.
484 silly tarball no local data for ms@https://registry.npmjs.org/ms/-/ms-2.1.3.tgz. Extracting by manifest.
485 silly tarball no local data for raw-body@https://registry.npmjs.org/raw-body/-/raw-body-3.0.2.tgz. Extracting by manifest.
486 silly tarball no local data for iconv-lite@https://registry.npmjs.org/iconv-lite/-/iconv-lite-0.7.3.tgz. Extracting by manifest.
487 silly tarball no local data for bytes@https://registry.npmjs.org/bytes/-/bytes-3.1.2.tgz. Extracting by manifest.
488 silly tarball no local data for negotiator@https://registry.npmjs.org/negotiator/-/negotiator-1.1.0.tgz. Extracting by manifest.
489 silly tarball no local data for vary@https://registry.npmjs.org/vary/-/vary-1.1.2.tgz. Extracting by manifest.
490 silly tarball no local data for type-is@https://registry.npmjs.org/type-is/-/type-is-2.1.0.tgz. Extracting by manifest.
491 silly tarball no local data for statuses@https://registry.npmjs.org/statuses/-/statuses-2.0.2.tgz. Extracting by manifest.
492 silly tarball no local data for router@https://registry.npmjs.org/router/-/router-2.2.0.tgz. Extracting by manifest.
493 silly tarball no local data for serve-static@https://registry.npmjs.org/serve-static/-/serve-static-2.2.1.tgz. Extracting by manifest.
494 silly tarball no local data for send@https://registry.npmjs.org/send/-/send-1.2.1.tgz. Extracting by manifest.
495 silly tarball no local data for range-parser@https://registry.npmjs.org/range-parser/-/range-parser-1.3.0.tgz. Extracting by manifest.
496 silly tarball no local data for qs@https://registry.npmjs.org/qs/-/qs-6.15.3.tgz. Extracting by manifest.
497 silly tarball no local data for proxy-addr@https://registry.npmjs.org/proxy-addr/-/proxy-addr-2.0.7.tgz. Extracting by manifest.
498 silly tarball no local data for parseurl@https://registry.npmjs.org/parseurl/-/parseurl-1.3.3.tgz. Extracting by manifest.
499 silly tarball no local data for once@https://registry.npmjs.org/once/-/once-1.4.0.tgz. Extracting by manifest.
500 silly tarball no local data for on-finished@https://registry.npmjs.org/on-finished/-/on-finished-2.4.1.tgz. Extracting by manifest.
501 silly tarball no local data for mime-types@https://registry.npmjs.org/mime-types/-/mime-types-3.0.2.tgz. Extracting by manifest.
502 silly tarball no local data for merge-descriptors@https://registry.npmjs.org/merge-descriptors/-/merge-descriptors-2.0.0.tgz. Extracting by manifest.
503 silly tarball no local data for http-errors@https://registry.npmjs.org/http-errors/-/http-errors-2.0.1.tgz. Extracting by manifest.
504 silly tarball no local data for fresh@https://registry.npmjs.org/fresh/-/fresh-2.0.0.tgz. Extracting by manifest.
505 silly tarball no local data for finalhandler@https://registry.npmjs.org/finalhandler/-/finalhandler-2.1.1.tgz. Extracting by manifest.
506 silly tarball no local data for escape-html@https://registry.npmjs.org/escape-html/-/escape-html-1.0.3.tgz. Extracting by manifest.
507 silly tarball no local data for etag@https://registry.npmjs.org/etag/-/etag-1.8.1.tgz. Extracting by manifest.
508 silly tarball no local data for encodeurl@https://registry.npmjs.org/encodeurl/-/encodeurl-2.0.0.tgz. Extracting by manifest.
509 silly tarball no local data for depd@https://registry.npmjs.org/depd/-/depd-2.0.0.tgz. Extracting by manifest.
510 silly tarball no local data for debug@https://registry.npmjs.org/debug/-/debug-4.4.3.tgz. Extracting by manifest.
511 silly tarball no local data for content-disposition@https://registry.npmjs.org/content-disposition/-/content-disposition-1.1.0.tgz. Extracting by manifest.
512 silly tarball no local data for content-type@https://registry.npmjs.org/content-type/-/content-type-1.0.5.tgz. Extracting by manifest.
513 silly tarball no local data for cookie-signature@https://registry.npmjs.org/cookie-signature/-/cookie-signature-1.2.2.tgz. Extracting by manifest.
514 silly tarball no local data for cookie@https://registry.npmjs.org/cookie/-/cookie-0.7.2.tgz. Extracting by manifest.
515 silly tarball no local data for body-parser@https://registry.npmjs.org/body-parser/-/body-parser-2.3.0.tgz. Extracting by manifest.
516 silly tarball no local data for accepts@https://registry.npmjs.org/accepts/-/accepts-2.0.0.tgz. Extracting by manifest.
517 silly tarball no local data for express@https://registry.npmjs.org/express/-/express-5.2.1.tgz. Extracting by manifest.
518 silly tarball no local data for content-type@https://registry.npmjs.org/content-type/-/content-type-2.1.0.tgz. Extracting by manifest.
519 silly tarball no local data for content-type@https://registry.npmjs.org/content-type/-/content-type-2.1.0.tgz. Extracting by manifest.
520 silly tarball no local data for content-type@https://registry.npmjs.org/content-type/-/content-type-2.1.0.tgz. Extracting by manifest.
521 http fetch POST 200 https://registry.npmjs.org/-/npm/v1/security/advisories/bulk 1302ms
522 silly audit report {}
523 http fetch GET 200 https://registry.npmjs.org/dunder-proto/-/dunder-proto-1.0.1.tgz 3080ms (cache miss)
524 http fetch GET 200 https://registry.npmjs.org/math-intrinsics/-/math-intrinsics-1.1.0.tgz 3075ms (cache miss)
525 http fetch GET 200 https://registry.npmjs.org/media-typer/-/media-typer-1.1.1.tgz 3080ms (cache miss)
526 http fetch GET 200 https://registry.npmjs.org/side-channel-list/-/side-channel-list-1.0.1.tgz 3019ms (cache miss)
527 http fetch GET 200 https://registry.npmjs.org/is-promise/-/is-promise-4.0.0.tgz 3024ms (cache miss)
528 http fetch GET 200 https://registry.npmjs.org/side-channel/-/side-channel-1.1.1.tgz 3023ms (cache miss)
529 http fetch GET 200 https://registry.npmjs.org/path-to-regexp/-/path-to-regexp-8.4.2.tgz 3027ms (cache miss)
530 http fetch GET 200 https://registry.npmjs.org/forwarded/-/forwarded-0.2.0.tgz 3024ms (cache miss)
531 http fetch GET 200 https://registry.npmjs.org/es-errors/-/es-errors-1.3.0.tgz 3046ms (cache miss)
532 http fetch GET 200 https://registry.npmjs.org/ipaddr.js/-/ipaddr.js-1.9.1.tgz 3045ms (cache miss)
533 http fetch GET 200 https://registry.npmjs.org/unpipe/-/unpipe-1.0.0.tgz 3055ms (cache miss)
534 http fetch GET 200 https://registry.npmjs.org/es-define-property/-/es-define-property-1.0.1.tgz 3053ms (cache miss)
535 http fetch GET 200 https://registry.npmjs.org/wrappy/-/wrappy-1.0.2.tgz 3372ms (cache miss)
536 http fetch GET 200 https://registry.npmjs.org/once/-/once-1.4.0.tgz 3261ms (cache miss)
537 http fetch GET 200 https://registry.npmjs.org/toidentifier/-/toidentifier-1.0.1.tgz 3338ms (cache miss)
538 http fetch GET 200 https://registry.npmjs.org/setprototypeof/-/setprototypeof-1.2.0.tgz 3330ms (cache miss)
539 http fetch GET 200 https://registry.npmjs.org/raw-body/-/raw-body-3.0.2.tgz 3328ms (cache miss)
540 http fetch GET 200 https://registry.npmjs.org/ee-first/-/ee-first-1.1.1.tgz 3345ms (cache miss)
541 http fetch GET 200 https://registry.npmjs.org/range-parser/-/range-parser-1.3.0.tgz 3324ms (cache miss)
542 http fetch GET 200 https://registry.npmjs.org/encodeurl/-/encodeurl-2.0.0.tgz 3230ms (cache miss)
543 http fetch GET 200 https://registry.npmjs.org/hasown/-/hasown-2.0.4.tgz 3527ms (cache miss)
544 http fetch GET 200 https://registry.npmjs.org/parseurl/-/parseurl-1.3.3.tgz 3314ms (cache miss)
545 http fetch GET 200 https://registry.npmjs.org/proxy-addr/-/proxy-addr-2.0.7.tgz 3316ms (cache miss)
546 http fetch GET 200 https://registry.npmjs.org/vary/-/vary-1.1.2.tgz 3349ms (cache miss)
547 http fetch GET 200 https://registry.npmjs.org/ms/-/ms-2.1.3.tgz 3377ms (cache miss)
548 http fetch GET 200 https://registry.npmjs.org/inherits/-/inherits-2.0.4.tgz 3379ms (cache miss)
549 http fetch GET 200 https://registry.npmjs.org/merge-descriptors/-/merge-descriptors-2.0.0.tgz 3316ms (cache miss)
550 http fetch GET 200 https://registry.npmjs.org/etag/-/etag-1.8.1.tgz 3272ms (cache miss)
551 http fetch GET 200 https://registry.npmjs.org/escape-html/-/escape-html-1.0.3.tgz 3283ms (cache miss)
552 http fetch GET 200 https://registry.npmjs.org/content-type/-/content-type-1.0.5.tgz 3269ms (cache miss)
553 http fetch GET 200 https://registry.npmjs.org/depd/-/depd-2.0.0.tgz 3302ms (cache miss)
554 http fetch GET 200 https://registry.npmjs.org/cookie-signature/-/cookie-signature-1.2.2.tgz 3299ms (cache miss)
555 http fetch GET 200 https://registry.npmjs.org/on-finished/-/on-finished-2.4.1.tgz 3430ms (cache miss)
556 http fetch GET 200 https://registry.npmjs.org/bytes/-/bytes-3.1.2.tgz 3469ms (cache miss)
557 http fetch GET 200 https://registry.npmjs.org/fresh/-/fresh-2.0.0.tgz 3399ms (cache miss)
558 http fetch GET 200 https://registry.npmjs.org/accepts/-/accepts-2.0.0.tgz 3361ms (cache miss)
559 http fetch GET 200 https://registry.npmjs.org/cookie/-/cookie-0.7.2.tgz 3491ms (cache miss)
560 http fetch GET 200 https://registry.npmjs.org/statuses/-/statuses-2.0.2.tgz 3610ms (cache miss)
561 http fetch GET 200 https://registry.npmjs.org/finalhandler/-/finalhandler-2.1.1.tgz 3514ms (cache miss)
562 http fetch GET 200 https://registry.npmjs.org/http-errors/-/http-errors-2.0.1.tgz 3547ms (cache miss)
563 http fetch GET 200 https://registry.npmjs.org/content-disposition/-/content-disposition-1.1.0.tgz 3503ms (cache miss)
564 http fetch GET 200 https://registry.npmjs.org/es-object-atoms/-/es-object-atoms-1.1.2.tgz 3797ms (cache miss)
565 http fetch GET 200 https://registry.npmjs.org/gopd/-/gopd-1.2.0.tgz 3812ms (cache miss)
566 http fetch GET 200 https://registry.npmjs.org/type-is/-/type-is-2.1.0.tgz 3640ms (cache miss)
567 http fetch GET 200 https://registry.npmjs.org/serve-static/-/serve-static-2.2.1.tgz 3638ms (cache miss)
568 http fetch GET 200 https://registry.npmjs.org/content-type/-/content-type-2.1.0.tgz 3476ms (cache miss)
569 http fetch GET 200 https://registry.npmjs.org/side-channel-weakmap/-/side-channel-weakmap-1.0.2.tgz 3789ms (cache miss)
570 http fetch GET 200 https://registry.npmjs.org/get-proto/-/get-proto-1.0.1.tgz 3821ms (cache miss)
571 http fetch GET 200 https://registry.npmjs.org/call-bound/-/call-bound-1.0.4.tgz 3816ms (cache miss)
572 http fetch GET 200 https://registry.npmjs.org/send/-/send-1.2.1.tgz 3645ms (cache miss)
573 http fetch GET 200 https://registry.npmjs.org/content-type/-/content-type-2.1.0.tgz 3485ms (cache miss)
574 http fetch GET 200 https://registry.npmjs.org/content-type/-/content-type-2.1.0.tgz 3423ms (cache miss)
575 http fetch GET 200 https://registry.npmjs.org/negotiator/-/negotiator-1.1.0.tgz 3765ms (cache miss)
576 http fetch GET 200 https://registry.npmjs.org/mime-types/-/mime-types-3.0.2.tgz 3731ms (cache miss)
577 http fetch GET 200 https://registry.npmjs.org/side-channel-map/-/side-channel-map-1.0.1.tgz 3909ms (cache miss)
578 http fetch GET 200 https://registry.npmjs.org/call-bind-apply-helpers/-/call-bind-apply-helpers-1.0.2.tgz 3942ms (cache miss)
579 http fetch GET 200 https://registry.npmjs.org/safer-buffer/-/safer-buffer-2.1.2.tgz 3810ms (cache miss)
580 http fetch GET 200 https://registry.npmjs.org/get-intrinsic/-/get-intrinsic-1.3.0.tgz 3981ms (cache miss)
581 http fetch GET 200 https://registry.npmjs.org/function-bind/-/function-bind-1.1.2.tgz 3994ms (cache miss)
582 http fetch GET 200 https://registry.npmjs.org/has-symbols/-/has-symbols-1.1.0.tgz 3997ms (cache miss)
583 http fetch GET 200 https://registry.npmjs.org/mime-db/-/mime-db-1.54.0.tgz 3855ms (cache miss)
584 http fetch GET 200 https://registry.npmjs.org/router/-/router-2.2.0.tgz 3822ms (cache miss)
585 http fetch GET 200 https://registry.npmjs.org/debug/-/debug-4.4.3.tgz 3710ms (cache miss)
586 http fetch GET 200 https://registry.npmjs.org/express/-/express-5.2.1.tgz 3708ms (cache miss)
587 http fetch GET 200 https://registry.npmjs.org/body-parser/-/body-parser-2.3.0.tgz 3722ms (cache miss)
588 http fetch GET 200 https://registry.npmjs.org/object-inspect/-/object-inspect-1.13.4.tgz 4212ms (cache miss)
589 http fetch GET 200 https://registry.npmjs.org/qs/-/qs-6.15.3.tgz 4105ms (cache miss)
590 http fetch GET 200 https://registry.npmjs.org/iconv-lite/-/iconv-lite-0.7.3.tgz 4167ms (cache miss)
591 silly ADD node_modules/media-typer
592 silly ADD node_modules/dunder-proto
593 silly ADD node_modules/math-intrinsics
594 silly ADD node_modules/hasown
595 silly ADD node_modules/has-symbols
596 silly ADD node_modules/gopd
597 silly ADD node_modules/get-proto
598 silly ADD node_modules/es-object-atoms
599 silly ADD node_modules/function-bind
600 silly ADD node_modules/call-bind-apply-helpers
601 silly ADD node_modules/get-intrinsic
602 silly ADD node_modules/call-bound
603 silly ADD node_modules/side-channel-weakmap
604 silly ADD node_modules/side-channel-map
605 silly ADD node_modules/side-channel-list
606 silly ADD node_modules/object-inspect
607 silly ADD node_modules/es-errors
608 silly ADD node_modules/path-to-regexp
609 silly ADD node_modules/is-promise
610 silly ADD node_modules/unpipe
611 silly ADD node_modules/side-channel
612 silly ADD node_modules/es-define-property
613 silly ADD node_modules/ipaddr.js
614 silly ADD node_modules/forwarded
615 silly ADD node_modules/wrappy
616 silly ADD node_modules/ee-first
617 silly ADD node_modules/mime-db
618 silly ADD node_modules/safer-buffer
619 silly ADD node_modules/toidentifier
620 silly ADD node_modules/setprototypeof
621 silly ADD node_modules/inherits
622 silly ADD node_modules/ms
623 silly ADD node_modules/raw-body
624 silly ADD node_modules/iconv-lite
625 silly ADD node_modules/bytes
626 silly ADD node_modules/negotiator
627 silly ADD node_modules/negotiator/node_modules/content-type
628 silly ADD node_modules/vary
629 silly ADD node_modules/type-is
630 silly ADD node_modules/type-is/node_modules/content-type
631 silly ADD node_modules/statuses
632 silly ADD node_modules/serve-static
633 silly ADD node_modules/send
634 silly ADD node_modules/router
635 silly ADD node_modules/range-parser
636 silly ADD node_modules/qs
637 silly ADD node_modules/proxy-addr
638 silly ADD node_modules/parseurl
639 silly ADD node_modules/once
640 silly ADD node_modules/on-finished
641 silly ADD node_modules/mime-types
642 silly ADD node_modules/merge-descriptors
643 silly ADD node_modules/http-errors
644 silly ADD node_modules/fresh
645 silly ADD node_modules/finalhandler
646 silly ADD node_modules/etag
647 silly ADD node_modules/escape-html
648 silly ADD node_modules/encodeurl
649 silly ADD node_modules/depd
650 silly ADD node_modules/debug
651 silly ADD node_modules/cookie-signature
652 silly ADD node_modules/cookie
653 silly ADD node_modules/content-type
654 silly ADD node_modules/content-disposition
655 silly ADD node_modules/body-parser
656 silly ADD node_modules/body-parser/node_modules/content-type
657 silly ADD node_modules/accepts
658 silly ADD node_modules/express
659 verbose cwd /Users/admin/Desktop/memory capsule
660 verbose os Darwin 22.6.0
661 verbose node v24.19.0
662 verbose npm  v11.17.0
663 notice
663 notice New [31mmajor[39m version of npm available! [31m11.17.0[39m -> [34m12.0.2[39m
663 notice Changelog: [34mhttps://github.com/npm/cli/releases/tag/v12.0.2[39m
663 notice To update run: [4mnpm install -g npm@12.0.2[24m
663 notice  { force: true, Symbol(proc-log.meta): true }
664 verbose exit 0
665 info ok
